// Jest Snapshot v1, https://goo.gl/fbAQLP

exports[`src/components/ErrorDisplay should match the snapshot 1`] = `
<Text
  style={
    Object {
      "alignItems": "center",
      "alignSelf": "center",
      "backgroundColor": "rgba(255, 0, 0, 0.1)",
      "borderColor": "#D0421B",
      "borderRadius": 5,
      "borderWidth": 1,
      "color": "#D0421B",
      "flexWrap": "wrap",
      "fontWeight": "700",
      "marginBottom": 4,
      "marginTop": 8,
      "paddingBottom": 4,
      "paddingLeft": 8,
      "paddingRight": 8,
      "paddingTop": 4,
    }
  }
  testID="errorDisplay"
>
  test data
</Text>
`;
